make: *** No rule to make target 'juno'.  Stop.
